root@cch:~/openemr-devops/support-team/ref# docker exec -it kafka-1 kafka-consumer-groups.sh --bootstrap-server kafka-1:9092 --group connect-mariadb-sink --describe
root@cch:~/openemr-devops/support-team/ref# docker exec -it kafka-1 kafka-consumer-groups.sh --bootstrap-server kafka-1:9092 --group connect-mariadb-sink --describe
root@cch:~/openemr-devops/support-team/ref# docker exec -it kafka-1 kafka-consumer-groups.sh --bootstrap-server kafka-1:9092 --group connect-mariadb-sink --describe
root@cch:~/openemr-devops/support-team/ref# docker exec -it kafka-1 kafka-consumer-groups.sh --bootstrap-server kafka-1:9092 --group connect-mariadb-sink --describe
root@cch:~/openemr-devops/support-team/ref# docker exec -it kafka-1 kafka-consumer-groups.sh --bootstrap-server kafka-1:9092 --group connect-mariadb-sink --describe
Error response from daemon: Container 1ee527b136a516661a83444464dadfadff579d6fe515adcd5067c8ea480b8a89 is restarting, wait until the container is running
root@cch:~/openemr-devops/support-team/ref# docker exec -it kafka-1 kafka-consumer-groups.sh --bootstrap-server kafka-1:9092 --group connect-mariadb-sink --describe
root@cch:~/openemr-devops/support-team/ref# docker exec -it kafka-1 kafka-consumer-groups.sh --bootstrap-server kafka-1:9092 --group connect-mariadb-sink --describe
Error response from daemon: Container 1ee527b136a516661a83444464dadfadff579d6fe515adcd5067c8ea480b8a89 is restarting, wait until the container is running
root@cch:~/openemr-devops/support-team/ref# docker exec -it kafka-1 kafka-consumer-groups.sh --bootstrap-server kafka-1:9092 --group connect-mariadb-sink --describe
Error response from daemon: Container 1ee527b136a516661a83444464dadfadff579d6fe515adcd5067c8ea480b8a89 is restarting, wait until the container is running
root@cch:~/openemr-devops/support-team/ref# docker exec -it kafka-1 kafka-consumer-groups.sh --bootstrap-server kafka-1:9092 --group connect-mariadb-sink --describe
Error response from daemon: Container 1ee527b136a516661a83444464dadfadff579d6fe515adcd5067c8ea480b8a89 is restarting, wait until the container is running
root@cch:~/openemr-devops/support-team/ref# docker exec -it kafka-1 kafka-consumer-groups.sh --bootstrap-server kafka-1:9092 --group connect-mariadb-sink --describe
Error response from daemon: Container 1ee527b136a516661a83444464dadfadff579d6fe515adcd5067c8ea480b8a89 is restarting, wait until the container is running
root@cch:~/openemr-devops/support-team/ref# docker exec -it kafka-1 kafka-consumer-groups.sh --bootstrap-server kafka-1:9092 --group connect-mariadb-sink --describe
[2025-03-05 08:36:16,361] WARN [AdminClient clientId=adminclient-1] Connection to node -1 (kafka-1/172.18.0.9:9092) could not be established. Broker may not be available. (org.apache.kafka.clients.NetworkClient)
[2025-03-05 08:36:16,480] WARN [AdminClient clientId=adminclient-1] Connection to node -1 (kafka-1/172.18.0.9:9092) could not be established. Broker may not be available. (org.apache.kafka.clients.NetworkClient)
[2025-03-05 08:36:16,582] WARN [AdminClient clientId=adminclient-1] Connection to node -1 (kafka-1/172.18.0.9:9092) could not be established. Broker may not be available. (org.apache.kafka.clients.NetworkClient)
[2025-03-05 08:36:16,887] WARN [AdminClient clientId=adminclient-1] Connection to node -1 (kafka-1/172.18.0.9:9092) could not be established. Broker may not be available. (org.apache.kafka.clients.NetworkClient)
[2025-03-05 08:36:17,294] WARN [AdminClient clientId=adminclient-1] Connection to node -1 (kafka-1/172.18.0.9:9092) could not be established. Broker may not be available. (org.apache.kafka.clients.NetworkClient)

Error: Executing consumer group command failed due to org.apache.kafka.common.errors.TimeoutException: Call(callName=findCoordinator, deadlineMs=1741163781291, tries=1, nextAllowedTryMs=1741163781392) timed out at 1741163781292 after 1 attempt(s)
java.util.concurrent.ExecutionException: org.apache.kafka.common.errors.TimeoutException: Call(callName=findCoordinator, deadlineMs=1741163781291, tries=1, nextAllowedTryMs=1741163781392) timed out at 1741163781292 after 1 attempt(s)
        at org.apache.kafka.common.internals.KafkaFutureImpl.wrapAndThrow(KafkaFutureImpl.java:45)
        at org.apache.kafka.common.internals.KafkaFutureImpl.access$000(KafkaFutureImpl.java:32)
        at org.apache.kafka.common.internals.KafkaFutureImpl$SingleWaiter.await(KafkaFutureImpl.java:89)
        at org.apache.kafka.common.internals.KafkaFutureImpl.get(KafkaFutureImpl.java:260)
        at kafka.admin.ConsumerGroupCommand$ConsumerGroupService.$anonfun$describeConsumerGroups$1(ConsumerGroupCommand.scala:550)
        at scala.collection.StrictOptimizedMapOps.map(StrictOptimizedMapOps.scala:28)
        at scala.collection.StrictOptimizedMapOps.map$(StrictOptimizedMapOps.scala:27)
        at scala.collection.convert.JavaCollectionWrappers$AbstractJMapWrapper.map(JavaCollectionWrappers.scala:309)
        at kafka.admin.ConsumerGroupCommand$ConsumerGroupService.describeConsumerGroups(ConsumerGroupCommand.scala:549)
        at kafka.admin.ConsumerGroupCommand$ConsumerGroupService.collectGroupsOffsets(ConsumerGroupCommand.scala:565)
        at kafka.admin.ConsumerGroupCommand$ConsumerGroupService.describeGroups(ConsumerGroupCommand.scala:368)
        at kafka.admin.ConsumerGroupCommand$.run(ConsumerGroupCommand.scala:73)
        at kafka.admin.ConsumerGroupCommand$.main(ConsumerGroupCommand.scala:60)
        at kafka.admin.ConsumerGroupCommand.main(ConsumerGroupCommand.scala)
Caused by: org.apache.kafka.common.errors.TimeoutException: Call(callName=findCoordinator, deadlineMs=1741163781291, tries=1, nextAllowedTryMs=1741163781392) timed out at 1741163781292 after 1 attempt(s)
Caused by: org.apache.kafka.common.errors.TimeoutException: Timed out waiting for a node assignment. Call: findCoordinator